
// ==========================================================================
//  GPPG error listing for yacc source file <MiCalcParser.y - 22.09.2013 0:55:49>
// ==========================================================================
//  Version:  1.5.0
//  Machine:  LGT-PC
//  DateTime: 22.09.2013 0:55:54
//  UserName: lgt
// ==========================================================================


%using MiCalc.Runtime;

%namespace MiCalc.Analyzing

%{
	public Expression expression = new Expression();
%}

%start expression

%union {
	public string String;
	public Expression expr;
}
// Defining Tokens
%token <String>	NUMBER

%token CONST_PI
%token CONST_E

%token FUNC_FLOOR
%token FUNC_CEIL
%token FUNC_ROUND
%token FUNC_SIN
%token FUNC_COS
%token FUNC_TAN
%token FUNC_ASIN
%token FUNC_ACOS
%token FUNC_ATAN
%token FUNC_SINH
%token FUNC_COSH
%token FUNC_TANG
%token FUNC_ASINH
%token FUNC_ACOSH
%token FUNC_ATANH
%token FUNC_LN
%token FUNC_LG
%token FUNC_EXP
%token FUNC_SQRT

%token OP_RIGHT_PAR
%token OP_LEFT_PAR
%left OP_ADD OP_SUB
%left OP_MUL OP_DIV
%left OP_MOD
%left OP_POW
%left OP_FAC
%left UMINUS UPLUS


// YACC Rules
%%
// Error: NonTerminal symbol "OP_OR" has no productions
// Error: NonTerminal symbol "OP_AND" has no productions
// Error: NonTerminal symbol "OP_XOR" has no productions
// Error: NonTerminal symbol "OP_NOT" has no productions
// Warning: Terminating OP_XOR fixes the following size-1 NonTerminal set
   // {OP_XOR}
// Warning: Terminating OP_AND fixes the following size-1 NonTerminal set
   // {OP_AND}
// Error: There are 4 non-terminating NonTerminal Symbols
   //  {OP_AND, OP_OR, OP_NOT, OP_XOR}
// Warning: Terminating OP_NOT fixes the following size-1 NonTerminal set
   // {OP_NOT}
// Warning: Terminating OP_OR fixes the following size-1 NonTerminal set
   // {OP_OR}
// ----------------------------------------------------------------------
expression	: expr { expression = $1.expr; }
			;

expr		: OP_LEFT_PAR expr OP_RIGHT_PAR { $$ = $2; }
			| func { $$ = $1; }
			| stat { $$ = $1; }
			| expr OP_ADD expr { $$.expr = new Expression(Operation.Add, $1.expr, $3.expr); }
			| expr OP_SUB expr { $$.expr = new Expression(Operation.Sub, $1.expr, $3.expr); }
			| expr OP_MUL expr { $$.expr = new Expression(Operation.Mul, $1.expr, $3.expr); }
			| expr OP_DIV expr { $$.expr = new Expression(Operation.Div, $1.expr, $3.expr); }
			| expr OP_MOD expr { $$.expr = new Expression(Operation.Mod, $1.expr, $3.expr); }
			| expr OP_POW expr { $$.expr = new Expression(Operation.Pow, $1.expr, $3.expr); }
			| expr OP_AND expr { $$.expr = new Expression(Operation.And, $1.expr, $3.expr); }
			| expr OP_OR expr { $$.expr = new Expression(Operation.Or, $1.expr, $3.expr); }
			| expr OP_NOT expr { $$.expr = new Expression(Operation.Not, $1.expr, $3.expr); }
			| expr OP_XOR expr { $$.expr = new Expression(Operation.Xor, $1.expr, $3.expr); }
			| expr OP_FAC { $$.expr = new Expression(Operation.Fac, $1.expr, null); }
			| OP_SUB expr %prec UMINUS { $$.expr.IsNegative = !$$.expr.IsNegative; }
			| OP_ADD expr %prec UPLUS { ; }
			;

func		: FUNC_FLOOR OP_LEFT_PAR expr OP_RIGHT_PAR { $$.expr = new Expression(Function.Floor, $3.expr); }
			| FUNC_CEIL OP_LEFT_PAR expr OP_RIGHT_PAR { $$.expr = new Expression(Function.Ceil, $3.expr); }
			| FUNC_ROUND OP_LEFT_PAR expr OP_RIGHT_PAR { $$.expr = new Expression(Function.Round, $3.expr); }
			| FUNC_SIN OP_LEFT_PAR expr OP_RIGHT_PAR { $$.expr = new Expression(Function.Sin, $3.expr); }
			| FUNC_COS OP_LEFT_PAR expr OP_RIGHT_PAR { $$.expr = new Expression(Function.Cos, $3.expr); }
			| FUNC_TAN OP_LEFT_PAR expr OP_RIGHT_PAR { $$.expr = new Expression(Function.Tan, $3.expr); }
			| FUNC_ASIN OP_LEFT_PAR expr OP_RIGHT_PAR { $$.expr = new Expression(Function.Asin, $3.expr); }
			| FUNC_ACOS OP_LEFT_PAR expr OP_RIGHT_PAR { $$.expr = new Expression(Function.Acos, $3.expr); }
			| FUNC_ATAN OP_LEFT_PAR expr OP_RIGHT_PAR { $$.expr = new Expression(Function.Atan, $3.expr); }
			| FUNC_SINH OP_LEFT_PAR expr OP_RIGHT_PAR { $$.expr = new Expression(Function.Sinh, $3.expr); }
			| FUNC_COSH OP_LEFT_PAR expr OP_RIGHT_PAR { $$.expr = new Expression(Function.Cosh, $3.expr); }
			| FUNC_TANG OP_LEFT_PAR expr OP_RIGHT_PAR { $$.expr = new Expression(Function.Tanh, $3.expr); }
			| FUNC_ASINH OP_LEFT_PAR expr OP_RIGHT_PAR { $$.expr = new Expression(Function.Asinh, $3.expr); }
			| FUNC_ACOSH OP_LEFT_PAR expr OP_RIGHT_PAR { $$.expr = new Expression(Function.Acosh, $3.expr); }
			| FUNC_ATANH OP_LEFT_PAR expr OP_RIGHT_PAR { $$.expr = new Expression(Function.Atanh, $3.expr); }
			| FUNC_LN OP_LEFT_PAR expr OP_RIGHT_PAR { $$.expr = new Expression(Function.Ln, $3.expr); }
			| FUNC_LG OP_LEFT_PAR expr OP_RIGHT_PAR { $$.expr = new Expression(Function.Lg, $3.expr); }
			| FUNC_EXP OP_LEFT_PAR expr OP_RIGHT_PAR { $$.expr = new Expression(Function.Exp, $3.expr); }
			| FUNC_SQRT OP_LEFT_PAR expr OP_RIGHT_PAR { $$.expr = new Expression(Function.Sqrt, $3.expr); }
			;

stat		: NUMBER { $$.expr = new Expression($1); }
			| const { $$ = $1; }
			;

const		: CONST_PI { $$.expr = new Expression(Constant.Pi); }
			| CONST_E { $$.expr = new Expression(Constant.E); }
			;

%%

// No argument CTOR. By deafult Parser's ctor requires scanner as param.
public Parser(Scanner scn) : base(scn) { }// ==========================================================================

